nohup: ignoring input
👀 Server activ: Scanam in timp real 'assets' pentru poze...
Orice tragi aici va fi convertit, micsorat la minim 800kb si șters din forma initiala.
Procesul e continuu... (Apasa Ctrl+C ca sa-l opresti din terminal)
---------------------------------------------------------------
⏳ Prinsa la optimizat: Serban_1.jpg. (18990000 bytes)...
   -> Poza MASIVA ( > 800kb)! Se REDIMENSIONEAZA FORTAT marginile la lățimea de 1600!...
libjpeg error: Input file read error
Error! Could not process file assets/Serban_1.jpg
Error! Cannot read input picture file 'assets/Serban_1.jpg'
❌ Eroare severa la cwebp! Fisierul Serban_1.jpg e blocat.
---------------------------------------------------------------
⏳ Prinsa la optimizat: Serban_1.jpg. (27528705 bytes)...
   -> Poza MASIVA ( > 800kb)! Se REDIMENSIONEAZA FORTAT marginile la lățimea de 1600!...
✅ Gata! Serban_1.jpg este facut farame și salvat!
---------------------------------------------------------------
⏳ Prinsa la optimizat: Serban_2.jpg. (32612429 bytes)...
   -> Poza MASIVA ( > 800kb)! Se REDIMENSIONEAZA FORTAT marginile la lățimea de 1600!...
✅ Gata! Serban_2.jpg este facut farame și salvat!
---------------------------------------------------------------
⏳ Prinsa la optimizat: Serban_4.jpg. (15273649 bytes)...
   -> Poza MASIVA ( > 800kb)! Se REDIMENSIONEAZA FORTAT marginile la lățimea de 1600!...
✅ Gata! Serban_4.jpg este facut farame și salvat!
---------------------------------------------------------------
⏳ Prinsa la optimizat: Serban_5.jpg. (10420797 bytes)...
   -> Poza MASIVA ( > 800kb)! Se REDIMENSIONEAZA FORTAT marginile la lățimea de 1600!...
✅ Gata! Serban_5.jpg este facut farame și salvat!
---------------------------------------------------------------
⏳ Prinsa la optimizat: Serban_7.jpg. (16145949 bytes)...
   -> Poza MASIVA ( > 800kb)! Se REDIMENSIONEAZA FORTAT marginile la lățimea de 1600!...
✅ Gata! Serban_7.jpg este facut farame și salvat!
---------------------------------------------------------------
⏳ Prinsa la optimizat: Serban_10.jpg. (4125728 bytes)...
   -> Poza MASIVA ( > 800kb)! Se REDIMENSIONEAZA FORTAT marginile la lățimea de 1600!...
✅ Gata! Serban_10.jpg este facut farame și salvat!
---------------------------------------------------------------
⏳ Prinsa la optimizat: Serban_11.jpg. (10593673 bytes)...
   -> Poza MASIVA ( > 800kb)! Se REDIMENSIONEAZA FORTAT marginile la lățimea de 1600!...
✅ Gata! Serban_11.jpg este facut farame și salvat!
---------------------------------------------------------------
⏳ Prinsa la optimizat: Serban_12.jpg. (50935952 bytes)...
   -> Poza MASIVA ( > 800kb)! Se REDIMENSIONEAZA FORTAT marginile la lățimea de 1600!...
✅ Gata! Serban_12.jpg este facut farame și salvat!
---------------------------------------------------------------
⏳ Prinsa la optimizat: Serban_13.jpg. (9394962 bytes)...
   -> Poza MASIVA ( > 800kb)! Se REDIMENSIONEAZA FORTAT marginile la lățimea de 1600!...
✅ Gata! Serban_13.jpg este facut farame și salvat!
---------------------------------------------------------------
⏳ Prinsa la optimizat: Serban_14.jpg. (26498729 bytes)...
   -> Poza MASIVA ( > 800kb)! Se REDIMENSIONEAZA FORTAT marginile la lățimea de 1600!...
✅ Gata! Serban_14.jpg este facut farame și salvat!
---------------------------------------------------------------
⏳ Prinsa la optimizat: Serban_17.jpg. (4666521 bytes)...
   -> Poza MASIVA ( > 800kb)! Se REDIMENSIONEAZA FORTAT marginile la lățimea de 1600!...
✅ Gata! Serban_17.jpg este facut farame și salvat!
---------------------------------------------------------------
⏳ Prinsa la optimizat: Serban_18.jpg. (15097943 bytes)...
   -> Poza MASIVA ( > 800kb)! Se REDIMENSIONEAZA FORTAT marginile la lățimea de 1600!...
✅ Gata! Serban_18.jpg este facut farame și salvat!
---------------------------------------------------------------
⏳ Prinsa la optimizat: Serban_19.jpg. (22766033 bytes)...
   -> Poza MASIVA ( > 800kb)! Se REDIMENSIONEAZA FORTAT marginile la lățimea de 1600!...
✅ Gata! Serban_19.jpg este facut farame și salvat!
---------------------------------------------------------------
⏳ Prinsa la optimizat: Serban_20.jpg. (5888683 bytes)...
   -> Poza MASIVA ( > 800kb)! Se REDIMENSIONEAZA FORTAT marginile la lățimea de 1600!...
✅ Gata! Serban_20.jpg este facut farame și salvat!
---------------------------------------------------------------
⏳ Prinsa la optimizat: Serban_21.jpg. (7588006 bytes)...
   -> Poza MASIVA ( > 800kb)! Se REDIMENSIONEAZA FORTAT marginile la lățimea de 1600!...
✅ Gata! Serban_21.jpg este facut farame și salvat!
---------------------------------------------------------------
⏳ Prinsa la optimizat: Serban_22.jpg. (9013529 bytes)...
   -> Poza MASIVA ( > 800kb)! Se REDIMENSIONEAZA FORTAT marginile la lățimea de 1600!...
✅ Gata! Serban_22.jpg este facut farame și salvat!
---------------------------------------------------------------
⏳ Prinsa la optimizat: Serban_23.jpg. (2265212 bytes)...
   -> Poza MASIVA ( > 800kb)! Se REDIMENSIONEAZA FORTAT marginile la lățimea de 1600!...
✅ Gata! Serban_23.jpg este facut farame și salvat!
---------------------------------------------------------------
⏳ Prinsa la optimizat: Serban_24.jpg. (3828084 bytes)...
   -> Poza MASIVA ( > 800kb)! Se REDIMENSIONEAZA FORTAT marginile la lățimea de 1600!...
✅ Gata! Serban_24.jpg este facut farame și salvat!
---------------------------------------------------------------
⏳ Prinsa la optimizat: Serban_25.jpg. (10297380 bytes)...
   -> Poza MASIVA ( > 800kb)! Se REDIMENSIONEAZA FORTAT marginile la lățimea de 1600!...
✅ Gata! Serban_25.jpg este facut farame și salvat!
---------------------------------------------------------------
⏳ Prinsa la optimizat: Serban_8.jpg. (15181511 bytes)...
   -> Poza MASIVA ( > 800kb)! Se REDIMENSIONEAZA FORTAT marginile la lățimea de 1600!...
✅ Gata! Serban_8.jpg este facut farame și salvat!
---------------------------------------------------------------
⏳ Prinsa la optimizat: Serban_9.jpg. (8727238 bytes)...
   -> Poza MASIVA ( > 800kb)! Se REDIMENSIONEAZA FORTAT marginile la lățimea de 1600!...
✅ Gata! Serban_9.jpg este facut farame și salvat!
---------------------------------------------------------------
⏳ Prinsa la optimizat: Serban_29.jpg. (18282270 bytes)...
   -> Poza MASIVA ( > 800kb)! Se REDIMENSIONEAZA FORTAT marginile la lățimea de 1600!...
✅ Gata! Serban_29.jpg este facut farame și salvat!
---------------------------------------------------------------
⏳ Prinsa la optimizat: Serban_30.jpg. (9589255 bytes)...
   -> Poza MASIVA ( > 800kb)! Se REDIMENSIONEAZA FORTAT marginile la lățimea de 1600!...
✅ Gata! Serban_30.jpg este facut farame și salvat!
---------------------------------------------------------------
⏳ Prinsa la optimizat: Serban_26.webp. (3533142 bytes)...
   -> Poza MASIVA ( > 800kb)! Se REDIMENSIONEAZA FORTAT marginile la lățimea de 1600!...
✅ Gata! Serban_26.webp este facut farame și salvat!
---------------------------------------------------------------
⏳ Prinsa la optimizat: AboutMe.jpg. (4980000 bytes)...
   -> Poza MASIVA ( > 800kb)! Se REDIMENSIONEAZA FORTAT marginile la lățimea de 1600!...
libjpeg error: Input file read error
Error! Could not process file assets/AboutMe.jpg
Error! Cannot read input picture file 'assets/AboutMe.jpg'
❌ Eroare severa la cwebp! Fisierul AboutMe.jpg e blocat.
---------------------------------------------------------------
⏳ Prinsa la optimizat: AboutMe.jpg. (6841457 bytes)...
   -> Poza MASIVA ( > 800kb)! Se REDIMENSIONEAZA FORTAT marginile la lățimea de 1600!...
✅ Gata! AboutMe.jpg este facut farame și salvat!
---------------------------------------------------------------
⏳ Prinsa la optimizat: AboutMe.jpg. (7327204 bytes)...
   -> Poza MASIVA ( > 800kb)! Se REDIMENSIONEAZA FORTAT marginile la lățimea de 1600!...
✅ Gata! AboutMe.jpg este facut farame și salvat!
---------------------------------------------------------------
⏳ Prinsa la optimizat: Serban_31.jpg. (7769180 bytes)...
   -> Poza MASIVA ( > 800kb)! Se REDIMENSIONEAZA FORTAT marginile la lățimea de 1600!...
✅ Gata! Serban_31.jpg este facut farame și salvat!
---------------------------------------------------------------
⏳ Prinsa la optimizat: Serban_32.jpg. (8871195 bytes)...
   -> Poza MASIVA ( > 800kb)! Se REDIMENSIONEAZA FORTAT marginile la lățimea de 1600!...
✅ Gata! Serban_32.jpg este facut farame și salvat!
---------------------------------------------------------------
